mvn : WARNING: A restricted method in java.lang.System has been called
At line:1 char:49
+ ... "d:\An\STUDY\SUMO JAVA\traffic_simulation" ; mvn compile 2>&1 | Tee-O ...
+                                                  ~~~~~~~~~~~~~~~~
    + CategoryInfo          : NotSpecified: (WARNING: A rest...has been called:String) [],  
   RemoteException
    + FullyQualifiedErrorId : NativeCommandError
 
WARNING: java.lang.System::load has been called by 
org.fusesource.jansi.internal.JansiLoader in an unnamed module 
(file:/C:/Users/ASUS/apache-maven-3.9.6/lib/jansi-2.4.0.jar)
WARNING: Use --enable-native-access=ALL-UNNAMED to avoid a warning for callers in this 
module
WARNING: Restricted methods will be blocked in a future release unless native access is 
enabled

WARNING: A terminally deprecated method in sun.misc.Unsafe has been called
WARNING: sun.misc.Unsafe::objectFieldOffset has been called by 
com.google.common.util.concurrent.AbstractFuture$UnsafeAtomicHelper 
(file:/C:/Users/ASUS/apache-maven-3.9.6/lib/guava-32.0.1-jre.jar)
WARNING: Please consider reporting this to the maintainers of class 
com.google.common.util.concurrent.AbstractFuture$UnsafeAtomicHelper
WARNING: sun.misc.Unsafe::objectFieldOffset will be removed in a future release
[INFO] Scanning for projects...
[WARNING] 
[WARNING] Some problems were encountered while building the effective model for real_time_traffic_simulation_with_java:traffic_simulation:jar:1.0-SNAPSHOT
[WARNING] 'dependencies.dependency.systemPath' for de.tudresden.sumo:TraaS:jar should not point at files within the project directory, ${project.basedir}/lib/TraaS.jar will be unresolvable by dependent projects @ line 33, column 19
[WARNING] 'dependencies.dependency.(groupId:artifactId:type:classifier)' must be unique: org.openjfx:javafx-controls:jar -> version 23.0.1 vs 25 @ line 50, column 17
[WARNING] 'dependencies.dependency.(groupId:artifactId:type:classifier)' must be unique: org.openjfx:javafx-fxml:jar -> version 25.0.1 vs 25 @ line 55, column 17
[WARNING] 'dependencies.dependency.(groupId:artifactId:type:classifier)' must be unique: org.openjfx:javafx-graphics:jar -> version 25.0.1 vs 25 @ line 60, column 17
[WARNING] 
[WARNING] It is highly recommended to fix these problems because they threaten the stability of your build.
[WARNING] 
[WARNING] For this reason, future Maven versions might no longer support building such malformed projects.
[WARNING] 
[INFO] 
[INFO] -----< real_time_traffic_simulation_with_java:traffic_simulation >------
[INFO] Building traffic_simulation 1.0-SNAPSHOT
[INFO]   from pom.xml
[INFO] --------------------------------[ jar ]---------------------------------
[INFO] 
[INFO] --- resources:3.0.2:resources (default-resources) @ traffic_simulation ---
[INFO] Using 'UTF-8' encoding to copy filtered resources.
[INFO] Copying 0 resource
[INFO] 
[INFO] --- compiler:3.13.0:compile (default-compile) @ traffic_simulation ---
[INFO] Nothing to compile - all classes are up to date.
[INFO] ------------------------------------------------------------------------
[INFO] BUILD SUCCESS
[INFO] ------------------------------------------------------------------------
[INFO] Total time:  1.699 s
[INFO] Finished at: 2025-12-13T16:16:46+01:00
[INFO] ------------------------------------------------------------------------
